[    1991ms] [ERROR] Failed to load resource: the server responded with a status of 500 (Internal Server Error) @ http://localhost:3001/:0
[    2142ms] [INFO] %cDownload the React DevTools for a better development experience: https://react.dev/link/react-devtools font-weight:bold @ webpack-internal:///./node_modules/react-dom/cjs/react-dom-client.development.js:24594
[    2221ms] TypeError: __webpack_modules__[moduleId] is not a function
    at Object.__webpack_require__ [as require] (file:///Users/aowang/code/zhiwen-research-website/.next/server/webpack-runtime.js:33:42)
    at require (file:///Users/aowang/code/zhiwen-research-website/node_modules/next/dist/compiled/next-server/app-page.runtime.dev.js:162:12237)
    at requireModule (file:///Users/aowang/code/zhiwen-research-website/node_modules/next/dist/compiled/next-server/app-page.runtime.dev.js:57:1012)
    at initializeModuleChunk (file:///Users/aowang/code/zhiwen-research-website/node_modules/next/dist/compiled/next-server/app-page.runtime.dev.js:57:25834)
    at getOutlinedModel (file:///Users/aowang/code/zhiwen-research-website/node_modules/next/dist/compiled/next-server/app-page.runtime.dev.js:57:31606)
    at <unknown> (file:///Users/aowang/code/zhiwen-research-website/node_modules/next/dist/compiled/next-server/app-page.runtime.dev.js:57:36376)
    at ResponseInstance._fromJSON (file:///Users/aowang/code/zhiwen-research-website/node_modules/next/dist/compiled/next-server/app-page.runtime.dev.js:57:36470)
    at JSON.parse (<anonymous>)
    at initializeModelChunk (file:///Users/aowang/code/zhiwen-research-website/node_modules/next/dist/compiled/next-server/app-page.runtime.dev.js:57:25269)
    at getOutlinedModel (file:///Users/aowang/code/zhiwen-research-website/node_modules/next/dist/compiled/next-server/app-page.runtime.dev.js:57:31553)
    at <unknown> (file:///Users/aowang/code/zhiwen-research-website/node_modules/next/dist/compiled/next-server/app-page.runtime.dev.js:57:36376)
    at ResponseInstance._fromJSON (file:///Users/aowang/code/zhiwen-research-website/node_modules/next/dist/compiled/next-server/app-page.runtime.dev.js:57:36470)
    at JSON.parse (<anonymous>)
    at initializeModelChunk (file:///Users/aowang/code/zhiwen-research-website/node_modules/next/dist/compiled/next-server/app-page.runtime.dev.js:57:25269)
    at <unknown> (file:///Users/aowang/code/zhiwen-research-website/node_modules/next/dist/compiled/next-server/app-page.runtime.dev.js:57:51413)
    at <unknown> (file:///Users/aowang/code/zhiwen-research-website/node_modules/next/dist/compiled/next-server/app-page.runtime.dev.js:57:52434)
    at progress (file:///Users/aowang/code/zhiwen-research-website/node_modules/next/dist/compiled/next-server/app-page.runtime.dev.js:57:52486)
    at runNextTicks (node:internal/process/task_queues:64:5)
    at process.processImmediate (node:internal/timers:452:9)
    at process.callbackTrampoline (node:internal/async_hooks:130:17)
[    2222ms] [LOG] [HMR] connected @ webpack-internal:///./node_modules/next/dist/client/components/react-dev-overlay/pages/websocket.js:41
[    2232ms] [ERROR] Failed to load resource: the server responded with a status of 404 (Not Found) @ http://localhost:3001/favicon.ico:0
[    5732ms] [WARNING] The resource http://localhost:3001/_next/static/media/e693e841d50dcf2f-s.p.woff2 was preloaded using link preload but not used within a few seconds from the window's load event. Please make sure it has an appropriate `as` value and it is preloaded intentionally. @ http://localhost:3001/:0
[    5733ms] [WARNING] The resource http://localhost:3001/_next/static/media/30d74baa196fe88a-s.p.woff2 was preloaded using link preload but not used within a few seconds from the window's load event. Please make sure it has an appropriate `as` value and it is preloaded intentionally. @ http://localhost:3001/:0
[    5733ms] [WARNING] The resource http://localhost:3001/_next/static/media/886f446b96dc7734-s.p.woff2 was preloaded using link preload but not used within a few seconds from the window's load event. Please make sure it has an appropriate `as` value and it is preloaded intentionally. @ http://localhost:3001/:0
[    5733ms] [WARNING] The resource http://localhost:3001/_next/static/media/22a5144ee8d83bca-s.p.woff2 was preloaded using link preload but not used within a few seconds from the window's load event. Please make sure it has an appropriate `as` value and it is preloaded intentionally. @ http://localhost:3001/:0
[    5733ms] [WARNING] The resource http://localhost:3001/_next/static/media/7d4881bb7e1bf84d-s.p.woff2 was preloaded using link preload but not used within a few seconds from the window's load event. Please make sure it has an appropriate `as` value and it is preloaded intentionally. @ http://localhost:3001/:0
